// Jest Snapshot v1, https://goo.gl/fbAQLP

exports[`Test Home scene Tests snapshot 1`] = `
<Fragment>
  <SceneMeta />
  <styled.div>
    <Heading
      level={1}
    >
      trending
    </Heading>
    <MovieList
      items={Array []}
      loading={false}
      onLoadMore={[Function]}
      onMovieClick={[Function]}
      page={1}
      totalPages={0}
    />
  </styled.div>
</Fragment>
`;
