// Jest Snapshot v1, https://goo.gl/fbAQLP

exports[`Test Card component Tests snapshot 1`] = `
<styled.div
  onClick={[Function]}
  style={
    Object {
      "backgroundImage": "linear-gradient(180deg, rgba(0, 0, 0, 0) 0%, rgba(0, 0, 0, 0.2) 55%, rgba(0, 0, 0, 0.5) 100%), url(test.jpg)",
    }
  }
>
  <styled.div>
    <styled.h2>
      test
    </styled.h2>
    <styled.span>
      en
    </styled.span>
  </styled.div>
  <styled.p>
    test
  </styled.p>
</styled.div>
`;
