// Jest Snapshot v1, https://goo.gl/fbAQLP

exports[`Test Router component Tests snapshot 1`] = `
<Router>
  <Home
    description="home.desciption"
    path="/"
    title="home.title"
  />
  <Detail
    path="/movie/:id"
  />
  <Search
    description="search.description"
    path="/search"
    title="search.title"
  />
  <PageNotFound
    path="/*"
  />
</Router>
`;
